Microchip MPLAB XC8 Compiler V2.41

Linker command line:

-W-3 \
  --edf=C:/Program Files/Microchip/MPLABX/v6.10/packs/Microchip/PIC18Fxxxx_DFP/1.4.151/xc8\pic\dat\20230323171731_en.msgs \
  -cn -h+dist/default/production\midas-libs.X.production.sym \
  --cmf=dist/default/production\midas-libs.X.production.cmf -z -Q18F4550 \
  -oC:\Users\avner\AppData\Local\Temp\xcBsdek.1\driver_tmp_3.o \
  --defsym=__MPLAB_BUILD=1 --fixupoverflow=error \
  -Mdist/default/production/midas-libs.X.production.map \
  --md=C:\Users\avner\AppData\Local\Temp\xcBsdek.1\driver_tmp_0.dat -E1 \
  -ver=XC8 Compiler --acfsm=1493 -ACODE=00h-07FFFh -ACONST=00h-07FFFh \
  -ASMALLCONST=0800h-08FFhx120 -AMEDIUMCONST=0800h-07FFFh -ACOMRAM=01h-05Fh \
  -AABS1=00h-07FFh -ABIGRAM=01h-07FFh -ARAM=060h-0FFh,0100h-01FFhx7 \
  -ABANK0=060h-0FFh -ABANK1=0100h-01FFh -ABANK2=0200h-02FFh \
  -ABANK3=0300h-03FFh -ABANK4=0400h-04FFh -ABANK5=0500h-05FFh \
  -ABANK6=0600h-06FFh -ABANK7=0700h-07FFh -ASFR=0F60h-0FFFh \
  -ABIGSFR=0F60h-0FFFh -ACONFIG=0300000h-030000Dh -AIDLOC=0200000h-0200007h \
  -AEEDATA=0F00000h-0F000FFh -peeprom_data=EEDATA \
  -preset_vec=00h,intcode=08h,intcodelo,powerup,init -pramtop=0800h \
  -psmallconst=SMALLCONST -pmediumconst=MEDIUMCONST -pconst=CONST \
  -AFARRAM=00h-00h \
  -prdata=COMRAM,nvrram=COMRAM,nvbit=COMRAM,rbss=COMRAM,rbit=COMRAM \
  -pfarbss=FARRAM,fardata=FARRAM,nvFARRAM=FARRAM \
  -pintsave_regs=BIGRAM,bigbss=BIGRAM,bigdata=BIGRAM -pbss=RAM \
  -pidata=CODE,irdata=CODE,ibigdata=CODE,ifardata=CODE -prparam=COMRAM \
  C:\Users\avner\AppData\Local\Temp\xcBsdek.1\driver_tmp_9.o \
  dist/default/production\midas-libs.X.production.o 

Object code version is 3.11

Machine type is 18F4550



                Name                               Link     Load   Length Selector   Space Scale
C:\Users\avner\AppData\Local\Temp\xcBsdek.1\driver_tmp_9.o
                config                           300000   300000        E        0       4
                init                                  E        E        4        4       0
                reset_vec                             0        0        4        0       0
dist/default/production\midas-libs.X.production.o
                intcode                               8        8        6        4       0
                config                           300000   300000        E        0       4
                temp                                 39       39        1        1       1
                smallconst                          800      800       26      400       0
                text15                              D00      D00       5C      413       0
                intcode_body                        EEA      EEA       2A      413       0
                text13                              F7E      F7E       16      413       0
                text12                              D5C      D5C       56      413       0
                text11                              F64      F64       1A      413       0
                text10                              F3C      F3C       28      413       0
                text9                               E04      E04       4A      413       0
                text8                               A62      A62      118      413       0
                text7                               E4E      E4E       38      413       0
                text6                               94A      94A      118      413       0
                text5                               E86      E86       36      413       0
                text4                               C86      C86       7A      413       0
                text3                               B7A      B7A      10C      413       0
                text2                               826      826      124      413       0
                text1                               DB2      DB2       52      413       0
                text0                               F14      F14       28      413       0
                cstackCOMRAM                          1        1       27        1       1
                dataCOMRAM                           28       28       11        1       1
                cinit                               EBC      EBC       2E      413       0
                idataCOMRAM                         F94      F94       11      413       0

TOTAL           Name                               Link     Load   Length     Space
        CLASS   CODE           
                intcode                               8        8        6         0
                init                                  E        E        4         0
                reset_vec                             0        0        4         0
                text15                              D00      D00       5C         0
                intcode_body                        EEA      EEA       2A         0
                text13                              F7E      F7E       16         0
                text12                              D5C      D5C       56         0
                text11                              F64      F64       1A         0
                text10                              F3C      F3C       28         0
                text9                               E04      E04       4A         0
                text8                               A62      A62      118         0
                text7                               E4E      E4E       38         0
                text6                               94A      94A      118         0
                text5                               E86      E86       36         0
                text4                               C86      C86       7A         0
                text3                               B7A      B7A      10C         0
                text2                               826      826      124         0
                text1                               DB2      DB2       52         0
                text0                               F14      F14       28         0
                cinit                               EBC      EBC       2E         0
                idataCOMRAM                         F94      F94       11         0

        CLASS   CONST          

        CLASS   SMALLCONST     
                smallconst                          800      800       26         0

        CLASS   MEDIUMCONST    

        CLASS   COMRAM         
                temp                                 39       39        1         1
                cstackCOMRAM                          1        1       27         1
                dataCOMRAM                           28       28       11         1

        CLASS   ABS1           

        CLASS   BIGRAM         

        CLASS   RAM            

        CLASS   BANK0          

        CLASS   BANK1          

        CLASS   BANK2          

        CLASS   BANK3          

        CLASS   BANK4          

        CLASS   BANK5          

        CLASS   BANK6          

        CLASS   BANK7          

        CLASS   SFR            

        CLASS   BIGSFR         

        CLASS   CONFIG         
                config                           300000   300000        E         4

        CLASS   IDLOC          

        CLASS   EEDATA         

        CLASS   FARRAM         

        CLASS   HEAP           

        CLASS   STACK          



SEGMENTS        Name                           Load    Length   Top    Selector   Space  Class

                reset_vec                      000000  000004  000004         0       0  CODE    
                cstackCOMRAM                   000001  000039  00003A         1       1  COMRAM  
                intcode                        000008  00000A  000012         4       0  CODE    
                smallconst                     000800  000026  000826       400       0  SMALLCON
                text2                          000826  00077F  000FA5       413       0  CODE    


UNUSED ADDRESS RANGES

        Name                Unused          Largest block    Delta
        BANK0            000060-0000FF               A0
        BANK1            000100-0001FF              100
        BANK2            000200-0002FF              100
        BANK3            000300-0003FF              100
        BANK4            000400-0004FF              100
        BANK5            000500-0005FF              100
        BANK6            000600-0006FF              100
        BANK7            000700-0007FF              100
        BIGRAM           00003A-0007FF              7C6
        BIGSFR           000F60-000FFF               A0
        CODE             000004-000007                4
                         000012-0007FF              7EE
                         000FA5-007FFF             705B
        COMRAM           00003A-00005F               26
        CONST            000004-000007                4
                         000012-0007FF              7EE
                         000FA5-007FFF             705B
        EEDATA           F00000-F000FF              100
        IDLOC            200000-200007                8
        MEDIUMCONST      000FA5-007FFF             705B
        RAM              000060-0007FF              100
        SFR              000F60-000FFF               A0
        SMALLCONST       000FA5-007FFF              100

                                  Symbol Table

?___aldiv                   cstackCOMRAM 000008
ADC_Init@channel            cstackCOMRAM 000008
LCD_Char@dat                cstackCOMRAM 000010
LCD_Command@cmd             cstackCOMRAM 000010
LCD_String@msg              cstackCOMRAM 000011
LCD_String_xy@location      cstackCOMRAM 000017
LCD_String_xy@msg           cstackCOMRAM 000014
LCD_String_xy@pos           cstackCOMRAM 000013
LCD_String_xy@row           cstackCOMRAM 000016
UART_Init@baudrate          cstackCOMRAM 000016
UART_Init@x                 cstackCOMRAM 000022
UART_Interrupt@i            cstackCOMRAM 000002
UART_Interrupt@temp         cstackCOMRAM 000001
UART_Write@data             cstackCOMRAM 000008
UART_Write_Text@i           cstackCOMRAM 00000D
UART_Write_Text@txt         cstackCOMRAM 000009
UART_Write_Text_ln@txt      cstackCOMRAM 00000F
_ADCON0bits                 (abs)        000FC2
_ADCON1bits                 (abs)        000FC1
_ADCON2bits                 (abs)        000FC0
_ADC_Init                   text10       000F3C
_ADRES                      (abs)        000FC3
_BRGH                       (abs)        007D62
_EEADR                      (abs)        000FA9
_EECON1bits                 (abs)        000FA6
_EECON2                     (abs)        000FA7
_EEDATA                     (abs)        000FA8
_INTCONbits                 (abs)        000FF2
_Interrupt                  intcode      000008
_LATDbits                   (abs)        000F8C
_LCD_Char                   text6        00094A
_LCD_Command                text8        000A62
_LCD_Init                   text7        000E4E
_LCD_String                 text5        000E86
_LCD_String_xy              text4        000C86
_PIE1bits                   (abs)        000F9D
_RCIF                       (abs)        007CF5
_RCREG                      (abs)        000FAE
_RCSTAbits                  (abs)        000FAB
_SPBRG                      (abs)        000FAF
_SSPBUF                     (abs)        000FC9
_SSPCON1                    (abs)        000FC6
_SSPSTAT                    (abs)        000FC7
_SSPSTATbits                (abs)        000FC7
_TRISAbits                  (abs)        000F92
_TRISBbits                  (abs)        000F93
_TRISCbits                  (abs)        000F94
_TRISDbits                  (abs)        000F95
_TXREG                      (abs)        000FAD
_TXSTAbits                  (abs)        000FAC
_UARTBUFF                   dataCOMRAM   000028
_UART_Init                  text2        000826
_UART_Interrupt             text15       000D00
_UART_Write                 text13       000F7E
_UART_Write_Text            text12       000D5C
_UART_Write_Text_ln         text11       000F64
__HRAM                      (abs)        000000
__H__absolute__             __absolute__ 000000
__Habs1                     abs1         000000
__Hbank0                    bank0        000000
__Hbank1                    bank1        000000
__Hbank2                    bank2        000000
__Hbank3                    bank3        000000
__Hbank4                    bank4        000000
__Hbank5                    bank5        000000
__Hbank6                    bank6        000000
__Hbank7                    bank7        000000
__Hbigbss                   bigbss       000000
__Hbigdata                  bigdata      000000
__Hbigram                   bigram       000000
__Hbigsfr                   bigsfr       000000
__Hbss                      bss          000000
__Hcinit                    cinit        000000
__Hclrtext                  clrtext      000000
__Hcomram                   comram       000000
__Hconfig                   config       30000E
__Hconst                    const        000000
__HcstackCOMRAM             cstackCOMRAM 000000
__Hdata                     data         000000
__HdataCOMRAM               dataCOMRAM   000000
__Heeprom_data              eeprom_data  000000
__Hfarbss                   farbss       000000
__Hfardata                  fardata      000000
__Hheap                     heap         000000
__Hibigdata                 ibigdata     000000
__Hidata                    idata        000000
__HidataCOMRAM              idataCOMRAM  000000
__Hidloc                    idloc        000000
__Hifardata                 ifardata     000000
__Hinit                     init         000012
__Hintcode                  intcode      00000E
__Hintcode_body             intcode_body 000000
__Hintcodelo                intcodelo    00000E
__Hintentry                 intentry     000000
__Hintret                   intret       000000
__Hintsave_regs             intsave_regs 000000
__Hirdata                   irdata       000000
__Hmediumconst              mediumconst  000000
__HnvFARRAM                 nvFARRAM     000000
__Hnvbit                    nvbit        000000
__Hnvrram                   nvrram       000000
__Hparam                    rparam       000000
__Hpowerup                  powerup      00000E
__Hram                      ram          000000
__Hramtop                   ramtop       000800
__Hrbit                     rbit         000000
__Hrbss                     rbss         000000
__Hrdata                    rdata        000000
__Hreset_vec                reset_vec    000004
__Hrparam                   rparam       000000
__Hsfr                      sfr          000000
__Hsmallconst               smallconst   000826
__Hspace_0                  (abs)        000FA5
__Hspace_1                  (abs)        00003A
__Hspace_2                  (abs)        000000
__Hspace_4                  (abs)        60000E
__Hstack                    stack        000000
__Hstruct                   struct       000000
__Htemp                     temp         00003A
__Htext                     text         000000
__Htext0                    text0        000000
__Htext1                    text1        000000
__Htext10                   text10       000000
__Htext11                   text11       000000
__Htext12                   text12       000000
__Htext13                   text13       000000
__Htext15                   text15       000000
__Htext2                    text2        000000
__Htext3                    text3        000000
__Htext4                    text4        000000
__Htext5                    text5        000000
__Htext6                    text6        000000
__Htext7                    text7        000000
__Htext8                    text8        000000
__Htext9                    text9        000000
__LRAM                      (abs)        000001
__L__absolute__             __absolute__ 000000
__Labs1                     abs1         000000
__Lbank0                    bank0        000000
__Lbank1                    bank1        000000
__Lbank2                    bank2        000000
__Lbank3                    bank3        000000
__Lbank4                    bank4        000000
__Lbank5                    bank5        000000
__Lbank6                    bank6        000000
__Lbank7                    bank7        000000
__Lbigbss                   bigbss       000000
__Lbigdata                  bigdata      000000
__Lbigram                   bigram       000000
__Lbigsfr                   bigsfr       000000
__Lbss                      bss          000000
__Lcinit                    cinit        000000
__Lclrtext                  clrtext      000000
__Lcomram                   comram       000000
__Lconfig                   config       000000
__Lconst                    const        000000
__LcstackCOMRAM             cstackCOMRAM 000000
__Ldata                     data         000000
__LdataCOMRAM               dataCOMRAM   000000
__Leeprom_data              eeprom_data  000000
__Lfarbss                   farbss       000000
__Lfardata                  fardata      000000
__Lheap                     heap         000000
__Libigdata                 ibigdata     000000
__Lidata                    idata        000000
__LidataCOMRAM              idataCOMRAM  000000
__Lidloc                    idloc        000000
__Lifardata                 ifardata     000000
__Linit                     init         00000E
__Lintcode                  intcode      000008
__Lintcode_body             intcode_body 000000
__Lintcodelo                intcodelo    00000E
__Lintentry                 intentry     000000
__Lintret                   intret       000000
__Lintsave_regs             intsave_regs 000000
__Lirdata                   irdata       000000
__Lmediumconst              mediumconst  000000
__LnvFARRAM                 nvFARRAM     000000
__Lnvbit                    nvbit        000000
__Lnvrram                   nvrram       000000
__Lparam                    rparam       000000
__Lpowerup                  powerup      00000E
__Lram                      ram          000000
__Lramtop                   ramtop       000800
__Lrbit                     rbit         000000
__Lrbss                     rbss         000000
__Lrdata                    rdata        000000
__Lreset_vec                reset_vec    000000
__Lrparam                   rparam       000000
__Lsfr                      sfr          000000
__Lsmallconst               smallconst   000800
__Lspace_0                  (abs)        000000
__Lspace_1                  (abs)        000000
__Lspace_2                  (abs)        000000
__Lspace_4                  (abs)        000000
__Lstack                    stack        000000
__Lstruct                   struct       000000
__Ltemp                     temp         000039
__Ltext                     text         000000
__Ltext0                    text0        000000
__Ltext1                    text1        000000
__Ltext10                   text10       000000
__Ltext11                   text11       000000
__Ltext12                   text12       000000
__Ltext13                   text13       000000
__Ltext15                   text15       000000
__Ltext2                    text2        000000
__Ltext3                    text3        000000
__Ltext4                    text4        000000
__Ltext5                    text5        000000
__Ltext6                    text6        000000
__Ltext7                    text7        000000
__Ltext8                    text8        000000
__Ltext9                    text9        000000
__S0                        (abs)        000FA5
__S1                        (abs)        00003A
__S4                        (abs)        000000
__S5                        (abs)        000000
___aldiv                    text3        000B7A
___aldiv@counter            cstackCOMRAM 000010
___aldiv@dividend           cstackCOMRAM 000008
___aldiv@divisor            cstackCOMRAM 00000C
___aldiv@quotient           cstackCOMRAM 000012
___aldiv@sign               cstackCOMRAM 000011
___heap_hi                  (abs)        000000
___heap_lo                  (abs)        000000
___inthi_sp                 stack        000000
___intlo_sp                 stack        000000
___param_bank               (abs)        000000
___rparam_used              (abs)        000001
___sp                       stack        000000
__accesstop                 (abs)        000060
__activetblptr              (abs)        000002
__end_of_ADC_Init           text10       000F64
__end_of_Interrupt          intcode_body 000F14
__end_of_LCD_Char           text6        000A62
__end_of_LCD_Command        text8        000B7A
__end_of_LCD_Init           text7        000E86
__end_of_LCD_String         text5        000EBC
__end_of_LCD_String_xy      text4        000D00
__end_of_UART_Init          text2        00094A
__end_of_UART_Interrupt     text15       000D5C
__end_of_UART_Write         text13       000F94
__end_of_UART_Write_Text    text12       000DB2
__end_of_UART_Write_Text_ln text11       000F7E
__end_of___aldiv            text3        000C86
__end_of__initialization    cinit        000EDC
__end_of_delay_ms           text9        000E4E
__end_of_main               text0        000F3C
__end_of_modbusQuery        smallconst   000809
__end_of_setup              text1        000E04
__initialization            cinit        000EBC
__mediumconst               mediumconst  000000
__pcinit                    cinit        000EBC
__pcstackCOMRAM             cstackCOMRAM 000001
__pdataCOMRAM               dataCOMRAM   000028
__pidataCOMRAM              idataCOMRAM  000F94
__pintcode                  intcode      000008
__pintcode_body             intcode_body 000EEA
__psmallconst               smallconst   000800
__ptext0                    text0        000F14
__ptext1                    text1        000DB2
__ptext10                   text10       000F3C
__ptext11                   text11       000F64
__ptext12                   text12       000D5C
__ptext13                   text13       000F7E
__ptext15                   text15       000D00
__ptext2                    text2        000826
__ptext3                    text3        000B7A
__ptext4                    text4        000C86
__ptext5                    text5        000E86
__ptext6                    text6        00094A
__ptext7                    text7        000E4E
__ptext8                    text8        000A62
__ptext9                    text9        000E04
__ramtop                    ramtop       000800
__smallconst                smallconst   000800
_delay_ms                   text9        000E04
_main                       text0        000F14
_modbusQuery                smallconst   000801
_setup                      text1        000DB2
btemp                       temp         000039
delay_ms@i                  cstackCOMRAM 00000A
delay_ms@j                  cstackCOMRAM 00000C
delay_ms@milliseconds       cstackCOMRAM 000008
end_of_initialization       cinit        000EDC
int$flags                   temp         000039
int_func                    intcode_body 000EEA
intlevel0                   text         000000
intlevel1                   text         000000
intlevel2                   text         000000
intlevel3                   text         000000
isa$std                     (abs)        000001
isa$xinst                   (abs)        000000
main@FNSTAT                 cstackCOMRAM 000026
main@localAddr              cstackCOMRAM 000024
stackhi                     (abs)        000000
stacklo                     (abs)        000000
start                       init         00000E
start_initialization        cinit        000EBC
ttemp5                      temp         00003A
ttemp6                      temp         00003D
ttemp7                      temp         000041
wtemp8                      temp         00003A


MODULE INFORMATION

Module		Function		Class		Link	Load	Size
delay.c
		_delay_ms      		CODE           	0E04	0000	74

delay.c estimated size: 74

uart.c
		_UART_Init     		CODE           	0826	0000	292
		_UART_Write_Text		CODE           	0D5C	0000	86
		_UART_Write_Text_ln		CODE           	0F64	0000	26
		_UART_Interrupt		CODE           	0D00	0000	92
		_UART_Write    		CODE           	0F7E	0000	22

uart.c estimated size: 518

C:\Program Files\Microchip\xc8\v2.41\pic\sources\c90\common\aldiv.c
		___aldiv       		CODE           	0B7A	0000	268

C:\Program Files\Microchip\xc8\v2.41\pic\sources\c90\common\aldiv.c estimated size: 268

adc.c
		_ADC_Init      		CODE           	0F3C	0000	40

adc.c estimated size: 40

shared
		__initialization		CODE           	0EBC	0000	32
		_modbusQuery   		SMALLCONST     	0801	0000	8

shared estimated size: 40

setup.c
		_setup         		CODE           	0DB2	0000	82

setup.c estimated size: 82

lcd.c
		_LCD_String    		CODE           	0E86	0000	54
		_LCD_Init      		CODE           	0E4E	0000	56
		_LCD_Command   		CODE           	0A62	0000	280
		_LCD_String_xy 		CODE           	0C86	0000	122
		_LCD_Char      		CODE           	094A	0000	280

lcd.c estimated size: 792

main.c
		_Interrupt     		CODE           	0008	0000	48
		_main          		CODE           	0F14	0000	40

main.c estimated size: 88

